[agileui.com/demo/monarch/demo/admin-angular/index.html]
[backblue.gif]
[fade.gif]
[index.html]
[agileui.com/demo/monarch/assets/images/icons/apple-touch-icon-144-precomposed.png]
[agileui.com/demo/monarch/assets/images/icons/apple-touch-icon-114-precomposed.png]
[agileui.com/demo/monarch/assets/images/icons/apple-touch-icon-72-precomposed.png]
[agileui.com/demo/monarch/assets/images/icons/apple-touch-icon-57-precomposed.png]
[agileui.com/demo/monarch/assets/images/icons/favicon.png]
[agileui.com/demo/monarch/assets-minified/admin-all-demo.css]
[agileui.com/demo/monarch/assets-minified/js-core.js]
[ajax.googleapis.com/ajax/libs/angularjs/1.2.13/angular-route.js]
[code.angularjs.org/1.2.13/angular.js]
[ajax.googleapis.com/ajax/libs/angularjs/1.2.13/angular-animate.js]
[agileui.com/demo/monarch/assets/angular/app.js]
[agileui.com/demo/monarch/assets/angular/page-animations.css]
[agileui.com/demo/monarch/assets/image-resources/gravatar.jpg]
[agileui.com/demo/monarch/demo/admin-angular/index.html]
[agileui.com/demo/monarch/assets-minified/admin-all-demo.js]
[agileui.com/demo/monarch/image-resources/blurred-bg/blurred-bg-1.jpg]
[agileui.com/demo/monarch/image-resources/blurred-bg/blurred-bg-2.jpg]
[agileui.com/demo/monarch/image-resources/blurred-bg/blurred-bg-3.jpg]
[agileui.com/demo/monarch/image-resources/blurred-bg/blurred-bg-4.jpg]
[agileui.com/demo/monarch/image-resources/blurred-bg/blurred-bg-5.jpg]
[agileui.com/demo/monarch/image-resources/blurred-bg/blurred-bg-6.jpg]
[agileui.com/demo/monarch/image-resources/blurred-bg/blurred-bg-7.jpg]
[agileui.com/demo/monarch/image-resources/blurred-bg/blurred-bg-8.jpg]
[agileui.com/demo/monarch/image-resources/blurred-bg/blurred-bg-9.jpg]
[agileui.com/demo/monarch/image-resources/blurred-bg/blurred-bg-10.jpg]
[agileui.com/demo/monarch/image-resources/blurred-bg/blurred-bg-11.jpg]
[agileui.com/demo/monarch/image-resources/blurred-bg/blurred-bg-12.jpg]
[agileui.com/demo/monarch/image-resources/blurred-bg/blurred-bg-13.jpg]
[agileui.com/demo/monarch/image-resources/blurred-bg/blurred-bg-14.jpg]
[agileui.com/demo/monarch/image-resources/blurred-bg/blurred-bg-15.jpg]
[agileui.com/demo/monarch/image-resources/blurred-bg/blurred-bg-16.jpg]
[agileui.com/demo/monarch/image-resources/poly-bg/poly-bg-1.jpg]
[agileui.com/demo/monarch/image-resources/poly-bg/poly-bg-2.jpg]
[agileui.com/demo/monarch/image-resources/poly-bg/poly-bg-3.jpg]
[agileui.com/demo/monarch/image-resources/poly-bg/poly-bg-4.jpg]
[agileui.com/demo/monarch/image-resources/poly-bg/poly-bg-5.jpg]
[agileui.com/demo/monarch/image-resources/poly-bg/poly-bg-6.jpg]
[agileui.com/demo/monarch/image-resources/poly-bg/poly-bg-7.jpg]
[agileui.com/demo/monarch/image-resources/poly-bg/poly-bg-8.jpg]
[agileui.com/demo/monarch/image-resources/poly-bg/poly-bg-9.jpg]
[agileui.com/demo/monarch/image-resources/poly-bg/poly-bg-10.jpg]
[agileui.com/demo/monarch/image-resources/blurred-img/blurred-img-1.jpg]
[agileui.com/demo/monarch/image-resources/blurred-img/blurred-img-2.jpg]
[agileui.com/demo/monarch/image-resources/blurred-img/blurred-img-3.jpg]
[agileui.com/demo/monarch/image-resources/blurred-img/blurred-img-4.jpg]
[agileui.com/demo/monarch/image-resources/blurred-img/blurred-img-5.jpg]
[agileui.com/demo/monarch/image-resources/full-bg/full-bg-1.jpg]
[agileui.com/demo/monarch/image-resources/full-bg/full-bg-2.jpg]
[agileui.com/demo/monarch/image-resources/full-bg/full-bg-3.jpg]
[agileui.com/demo/monarch/image-resources/full-bg/full-bg-4.jpg]
[agileui.com/demo/monarch/image-resources/full-bg/full-bg-5.jpg]
[agileui.com/demo/monarch/image-resources/full-bg/full-bg-6.jpg]
[agileui.com/demo/monarch/image-resources/full-bg/full-bg-7.jpg]
[agileui.com/demo/monarch/image-resources/full-bg/full-bg-8.jpg]
[agileui.com/demo/monarch/image-resources/full-bg/full-bg-9.jpg]
[agileui.com/demo/monarch/image-resources/full-bg/full-bg-10.jpg]
[agileui.com/demo/monarch/image-resources/full-bg/full-bg-11.jpg]
[agileui.com/demo/monarch/image-resources/full-bg/full-bg-12.jpg]
[agileui.com/demo/monarch/image-resources/full-bg/full-bg-13.jpg]
[agileui.com/demo/monarch/image-resources/full-bg/full-bg-14.jpg]
[agileui.com/demo/monarch/image-resources/pattern-bg/pattern-bg-1.png]
[agileui.com/demo/monarch/image-resources/pattern-bg/pattern-bg-2.png]
[agileui.com/demo/monarch/image-resources/pattern-bg/pattern-bg-3.png]
[agileui.com/demo/monarch/image-resources/pattern-bg/pattern-bg-4.png]
[agileui.com/demo/monarch/image-resources/pattern-bg/pattern-bg-5.png]
[agileui.com/demo/monarch/image-resources/pattern-bg/pattern-bg-6.png]
[agileui.com/demo/monarch/image-resources/pattern-bg/pattern-bg-7.png]
[agileui.com/demo/monarch/image-resources/pattern-bg/pattern-bg-8.png]
[agileui.com/demo/monarch/image-resources/pattern-bg/pattern-bg-9.png]
[agileui.com/demo/monarch/image-resources/pattern-bg/pattern-bg-10.png]
[agileui.com/demo/monarch/assets-minified/fontawesome-webfontba72.eot]
[agileui.com/demo/monarch/assets-minified/fontawesome-webfontd41d.eot]
[agileui.com/demo/monarch/assets-minified/fontawesome-webfontba72.woff]
[agileui.com/demo/monarch/assets-minified/fontawesome-webfontba72.ttf]
[agileui.com/demo/monarch/assets-minified/fontawesome-webfontba72.svg]
[agileui.com/demo/monarch/assets-minified/linecons8f44.eot]
[agileui.com/demo/monarch/assets-minified/linecons8f44.woff]
[agileui.com/demo/monarch/assets-minified/linecons8f44.ttf]
[agileui.com/demo/monarch/assets-minified/linecons8f44.svg]
[agileui.com/demo/monarch/assets-minified/spinnericonb7a7.eot]
[agileui.com/demo/monarch/assets-minified/spinnericonb7a7.woff]
[agileui.com/demo/monarch/assets-minified/spinnericonb7a7.ttf]
[agileui.com/demo/monarch/assets-minified/spinnericonb7a7.svg]
[agileui.com/demo/images/colorpicker.png]
[agileui.com/demo/images/jcrop.gif]
[agileui.com/demo/monarch/images/animated-overlay.gif]
[agileui.com/demo/monarch/images/loader-dark.gif]
[agileui.com/demo/monarch/img/loading.gif]
[agileui.com/demo/monarch/img/error.png]
[agileui.com/demo/monarch/img/play-pause.png]
[agileui.com/demo/monarch/img/video-play.png]
[agileui.com/demo/monarch/assets-minified/images/default/sprite.png]
[agileui.com/demo/monarch/assets-minified/images/default/sprite_x.png]
[agileui.com/demo/monarch/assets-minified/images/default/sprite_y.png]
[agileui.com/demo/monarch/assets-minified/images/default/sprite_next.png]
[agileui.com/demo/monarch/assets-minified/images/default/sprite_prev.png]
[agileui.com/demo/monarch/assets-minified/images/default/default_thumb.png]
[agileui.com/demo/monarch/assets-minified/images/default/loader.gif]
[agileui.com/demo/monarch/assets-minified/images/facebook/default_thumbnail.gif]
[agileui.com/demo/images/animated-overlay.gif]
[agileui.com/demo/monarch/img/clear.png]
[agileui.com/demo/image-resources/logo-admin.png]
[agileui.com/demo/monarch/assets-minified/admin-all-demo.css]
[code.angularjs.org/1.2.13/angular.js]
[agileui.com/demo/monarch/assets/angular/page-animations.css]
[agileui.com/demo/monarch/assets-minified/fontawesome-webfontba72.svg]
[agileui.com/demo/monarch/assets-minified/linecons8f44.svg]
[agileui.com/demo/monarch/assets-minified/spinnericonb7a7.html]
[agileui.com/demo/monarch/assets-minified/spinnericonb7a7-2.html]
[agileui.com/demo/monarch/assets-minified/spinnericonb7a7-3.html]
[agileui.com/demo/monarch/assets-minified/spinnericonb7a7-4.html]
[agileui.com/demo/monarch/images/animated-overlay.html]
[agileui.com/demo/monarch/images/loader-dark.html]
[agileui.com/demo/monarch/img/loading.html]
[agileui.com/demo/monarch/img/error.html]
[agileui.com/demo/monarch/img/play-pause.html]
[agileui.com/demo/monarch/img/video-play.html]
[agileui.com/demo/monarch/assets-minified/images/default/sprite.html]
[agileui.com/demo/monarch/assets-minified/images/default/sprite_x.html]
[agileui.com/demo/monarch/assets-minified/images/default/sprite_y.html]
[agileui.com/demo/monarch/assets-minified/images/default/sprite_next.html]
[agileui.com/demo/monarch/assets-minified/images/default/sprite_prev.html]
[agileui.com/demo/monarch/assets-minified/images/default/default_thumb.html]
[agileui.com/demo/monarch/assets-minified/images/default/loader.html]
[agileui.com/demo/monarch/assets-minified/images/facebook/default_thumbnail.html]
[agileui.com/demo/monarch/img/clear.html]
